I'm sorry, but errors were detected in your script. Please correct the
errors listed below, and try again.


File "game/scenes/3rdAct/straightAndNarrow/dialogTree.rpy", line 401: expected ':' not found.
    else if straightAndNarrow3ScaredSuperball:
         ^

File "game/scenes/3rdAct/straightAndNarrow/dialogTree.rpy", line 404: expected statement.
    else:
        ^

Ren'Py Version: Ren'Py 7.4.11.2266
Thu Apr  7 21:48:40 2022
